// Jest Snapshot v1, https://goo.gl/fbAQLP

exports[`Enforcement container should render with given state from Redux store 1`] = `
<div
  className="makeStyles-container-1"
/>
`;
