// Jest Snapshot v1, https://goo.gl/fbAQLP

exports[`Results Container at Verify & Correct tab should render with given state from Redux store 1`] = `
<div
  className="makeStyles-container-1"
/>
`;
