// Jest Snapshot v1, https://goo.gl/fbAQLP

exports[`Search Bar Container at Verify & Correct tab should render with given state from Redux store 1`] = `
<header
  className="MuiPaper-root MuiAppBar-root MuiAppBar-positionSticky MuiAppBar-colorPrimary MuiPaper-elevation4"
>
  <div
    className="MuiToolbar-root MuiToolbar-dense makeStyles-container-1 MuiToolbar-gutters"
  >
    <div>
      <div
        className="MuiFormControl-root MuiTextField-root"
      >
        <div
          className="MuiInputBase-root MuiInput-root MuiInput-underline MuiInputBase-formControl MuiInput-formControl MuiInputBase-adornedEnd"
          onClick={[Function]}
        >
          <input
            aria-invalid={false}
            autoFocus={false}
            className="MuiInputBase-input MuiInput-input MuiInputBase-inputAdornedEnd"
            disabled={false}
            onAnimationStart={[Function]}
            onBlur={[Function]}
            onChange={[Function]}
            onFocus={[Function]}
            required={false}
            type="text"
            value="Select a date"
          />
          <div
            className="MuiInputAdornment-root MuiInputAdornment-positionEnd"
            id="calendarDatePickerIcon"
          >
            <button
              className="MuiButtonBase-root MuiIconButton-root"
              disabled={false}
              onBlur={[Function]}
              onClick={[Function]}
              onDragLeave={[Function]}
              onFocus={[Function]}
              onKeyDown={[Function]}
              onKeyUp={[Function]}
              onMouseDown={[Function]}
              onMouseLeave={[Function]}
              onMouseUp={[Function]}
              onTouchEnd={[Function]}
              onTouchMove={[Function]}
              onTouchStart={[Function]}
              tabIndex={0}
              type="button"
            >
              <span
                className="MuiIconButton-label"
              >
                <svg
                  aria-hidden={true}
                  className="MuiSvgIcon-root"
                  focusable="false"
                  viewBox="0 0 24 24"
                >
                  <path
                    d="M17 12h-5v5h5v-5zM16 1v2H8V1H6v2H5c-1.11 0-1.99.9-1.99 2L3 19c0 1.1.89 2 2 2h14c1.1 0 2-.9 2-2V5c0-1.1-.9-2-2-2h-1V1h-2zm3 18H5V8h14v11z"
                  />
                  <path
                    d="M0 0h24v24H0z"
                    fill="none"
                  />
                </svg>
              </span>
            </button>
          </div>
        </div>
        
      </div>
    </div>
  </div>
</header>
`;
